// Jest Snapshot v1, https://goo.gl/fbAQLP

exports[`<LaunchListContainerComponent> tests check if <LaunchListContainerComponent> has rendered 1`] = `undefined`;
