// Jest Snapshot v1, https://goo.gl/fbAQLP

exports[`App root component check if Grid component renders 1`] = `true`;
